// Jest Snapshot v1, https://goo.gl/fbAQLP

exports[`List component renders List component without crashing 1`] = `
<div
  className="list-section"
>
  <h1
    className="list-component-title"
  >
    List Component
  </h1>
  <div
    className="list-ui-container"
  >
    <div
      key="Fiddle Leaf Fig"
    >
      <h3
        className="list-plant-title"
      >
        Fiddle Leaf Fig
      </h3>
      <h5
        className="list-plant-dates"
      >
        Every 
        7 days
      </h5>
      <ul>
        <li
          key="a932b63b-bfdd-4aa2-9af9-9468c079f3d7"
        >
          Mon Dec 16 2019
        </li>
        <li
          key="07108a9e-2cb6-40bb-b9a8-358c2d104bff"
        >
          Mon Dec 23 2019
        </li>
        <li
          key="fdc7382c-0718-42b5-b102-2676c5e19cd9"
        >
          Mon Dec 30 2019
        </li>
        <li
          key="64f8c166-186f-4830-842c-c42e7e91b89f"
        >
          Mon Jan 06 2020
        </li>
      </ul>
    </div>
    <div
      key="test plant"
    >
      <h3
        className="list-plant-title"
      >
        test plant
      </h3>
      <h5
        className="list-plant-dates"
      >
        Every 
        14 days
      </h5>
      <ul>
        <li
          key="1487e092-8735-45aa-81de-2fdafe32c262"
        >
          Mon Dec 16 2019
        </li>
        <li
          key="e1bb9b0a-ead6-4c53-970a-80ff742f7a7e"
        >
          Mon Dec 23 2019
        </li>
        <li
          key="b2eb13b7-02dd-41ac-bd3f-c1f7f45436ef"
        >
          Mon Dec 30 2019
        </li>
        <li
          key="b013acaa-1416-490b-ab96-19db58b013f0"
        >
          Mon Jan 06 2020
        </li>
      </ul>
    </div>
  </div>
</div>
`;

exports[`List container renders ListContainer without crashing 1`] = `
<div>
  <div>
    List couldn't be displayed, please check for errors
  </div>
</div>
`;
